********************************************************************************
TMS320C2000 Hex Converter                                                 v6.1.0
********************************************************************************

INPUT FILE NAME: <TB3CM_BootLoad.out>
OUTPUT FORMAT:   Intel

PHYSICAL MEMORY PARAMETERS
   Default data width   :  16
   Default memory width :  16
   Default output width :  16


OUTPUT TRANSLATION MAP
--------------------------------------------------------------------------------
003f4000..003f7fff  Page=0  Memory Width=16  ROM Width=16  "ROM1"
--------------------------------------------------------------------------------
   OUTPUT FILES: TB3CM_BootLoad.Mcs [b0..b15]

   CONTENTS: 003f4000..003f4003   FILL = 0000ffff
             003f4004..003f453c   TB3CM_BootLoad.out(Flash28_API) Data Width=2   
             003f453d..003f51ec   TB3CM_BootLoad.out(.text) Data Width=2   
             003f51ed..003f58cd   TB3CM_BootLoad.out(.cinit) Data Width=2   
             003f58ce..003f5935   TB3CM_BootLoad.out(ramfuncs) Data Width=2   
             003f5936..003f5959   TB3CM_BootLoad.out(.econst) Data Width=2   
             003f595a..003f5975   TB3CM_BootLoad.out(.switch) Data Width=2   
             003f5976..003f7f7f   FILL = 0000ffff
             003f7f80..003f7ff5   TB3CM_BootLoad.out(csm_rsvd) Data Width=2   
             003f7ff6..003f7ff7   TB3CM_BootLoad.out(codestart) Data Width=2   
             003f7ff8..003f7fff   TB3CM_BootLoad.out(csmpasswds) Data Width=2   
