********************************************************************************
TMS320C2000 Hex Converter                                                 v6.1.0
********************************************************************************

INPUT FILE NAME: <TB3CM_BootLoad.out>
OUTPUT FORMAT:   Intel

PHYSICAL MEMORY PARAMETERS
   Default data width   :  16
   Default memory width :   8 (LS-->MS)
   Default output width :   8

BOOT LOADER PARAMETERS
   Table Type:		  SERIAL PORT (SCI 8 bit Mode)
   Entry Point:		  0x003f79dd


OUTPUT TRANSLATION MAP
--------------------------------------------------------------------------------
00000000..003fffff  Page=0  Memory Width=8  ROM Width=8
--------------------------------------------------------------------------------
   OUTPUT FILES: TB3CM_BootLoad.Hex [b0..b7]

   CONTENTS: 00000000..00003651   BOOT TABLE
                           .cinit : dest=003f6575  size=000006e1  width=00000002
                      Flash28_API : dest=003f6000  size=00000575  width=00000002
                        codestart : dest=003f7ff6  size=00000002  width=00000002
                         ramfuncs : dest=003f6c56  size=0000016e  width=00000002
                            .text : dest=003f6dc4  size=00000d02  width=00000002
                          .econst : dest=003f7ac6  size=00000024  width=00000002
                          .switch : dest=003f7aea  size=0000001c  width=00000002

--------------------------------------------------------------------------------
00000000..003fffff  Page=1  Memory Width=8  ROM Width=8  "*DEFAULT PAGE 1*"
--------------------------------------------------------------------------------
   NO CONTENTS
